[satumomen.com/preview/melayu.html]
[backblue.gif]
[fade.gif]
[index.html]
[satumomen.com/plugins/animate.css@4.1.1/animate.min.css]
[unpkg.com/@phosphor-icons/web@2.0.3/src/fill/style.css]
[assets.satumomen.com/build/assets/bootstrap-vCaDZZbr.css]
[assets.satumomen.com/build/assets/themes-scroll-CXWhxC9B.css]
[satumomen.com/fonts/brigesta/fonts.css]
[satumomen.com/fonts/e111viva/style.css]
[satumomen.com/fonts/brittany_signature/BrittanySignature.css]
[satumomen.com/fonts/photograph_signature/fonts.css]
[satumomen.com/fonts/heatwood/Heatwood.css]
[assets.satumomen.com/images/galleries/611881-gallery-ZXZmVsvjzN.png]
[assets.satumomen.com/images/galleries/32840-gallery-1681321925.jpg]
[assets.satumomen.com/assets/wanita-melayu-riau-1732097939.png]
[satumomen.com/images/instagram.png]
[assets.satumomen.com/assets/pria-melayu-riau-1732097860.png]
[assets.satumomen.com/images/galleries/611881-gallery-JSoFzsv8Rs.png]
[assets.satumomen.com/images/galleries/611881-gallery-tYGe3nlRxg.png]
[assets.satumomen.com/images/galleries/450180-gallery-lGUZTFBLbL.png]
[assets.satumomen.com/images/galleries/477705-gallery-EMrsiz5A4S.jpg]
[assets.satumomen.com/images/galleries/477705-gallery-NOWSC0ie8a.jpg]
[assets.satumomen.com/images/galleries/477705-gallery-6Uhswe8ykL.jpg]
[assets.satumomen.com/images/galleries/477705-gallery-6hBG3WpAod.jpg]
[assets.satumomen.com/assets/logo-bca-biru-1687975058.png]
[assets.satumomen.com/assets/65e4402c20cbf-1732615009.jpg]
[satumomen.com/images/no-image.jpg]
[satumomen.com/images/btn_app_store.png]
[satumomen.com/images/btn_play_store.png]
[satumomen.com/themes/theme-appba2e.js]
[satumomen.com/themes/themes-scrollba2e.js]
[satumomen.com/preview/melayu.html]
[satumomen.com/plugins/animate.css@4.1.1/animate.min.css]
[satumomen.com/cdn-cgi/scripts/7d0fa10a/cloudflare-static/rocket-loader.min.js]
[unpkg.com/@phosphor-icons/web@2.0.3/src/fill/Phosphor-Fill.woff2]
[unpkg.com/@phosphor-icons/web@2.0.3/src/fill/Phosphor-Fill.woff]
[unpkg.com/@phosphor-icons/web@2.0.3/src/fill/Phosphor-Fill.ttf]
[unpkg.com/@phosphor-icons/web@2.0.3/src/fill/style.css]
[assets.satumomen.com/build/assets/bootstrap-vCaDZZbr.css]
[assets.satumomen.com/build/assets/themes-scroll-CXWhxC9B.css]
[unpkg.com/@phosphor-icons/web@2.0.3/src/fill/Phosphor-Fill.svg]
[satumomen.com/fonts/brigesta/brigesta-regular-400.eot]
[satumomen.com/fonts/brigesta/brigesta-regular-400d41d.eot]
[satumomen.com/fonts/brigesta/brigesta-regular-400.woff2]
[satumomen.com/fonts/brigesta/brigesta-regular-400.woff]
[satumomen.com/fonts/brigesta/brigesta-regular-400.ttf]
[satumomen.com/fonts/brigesta/fonts.css]
[satumomen.com/fonts/brigesta/brigesta-regular-400.svg]
[satumomen.com/fonts/e111viva/e111viva.woff2]
[satumomen.com/fonts/e111viva/e111viva.woff]
[satumomen.com/fonts/e111viva/e111viva.ttf]
[satumomen.com/fonts/e111viva/e111viva.svg]
[satumomen.com/fonts/e111viva/style.css]
[satumomen.com/fonts/brittany_signature/BrittanySignature.eot]
[satumomen.com/fonts/brittany_signature/BrittanySignatured41d.eot]
[satumomen.com/fonts/brittany_signature/BrittanySignature.woff2]
[satumomen.com/fonts/brittany_signature/BrittanySignature.woff]
[satumomen.com/fonts/brittany_signature/BrittanySignature.ttf]
[satumomen.com/fonts/brittany_signature/BrittanySignature.css]
[satumomen.com/fonts/brittany_signature/BrittanySignature.svg]
[satumomen.com/fonts/photograph_signature/PhotographSignature.ttf]
[satumomen.com/fonts/photograph_signature/fonts.css]
[satumomen.com/fonts/heatwood/fonts/Heatwood.eot]
[satumomen.com/fonts/heatwood/fonts/Heatwoodd41d.eot]
[satumomen.com/fonts/heatwood/fonts/Heatwood.woff2]
[satumomen.com/fonts/heatwood/fonts/Heatwood.woff]
[satumomen.com/fonts/heatwood/fonts/Heatwood.ttf]
[satumomen.com/fonts/heatwood/Heatwood.css]
[satumomen.com/fonts/heatwood/fonts/Heatwood.svg]
[unpkg.com/@phosphor-icons/web@2.0.3/src/fill/Phosphor-Fill.svg]
[satumomen.com/fonts/brigesta/brigesta-regular-400.svg]
[satumomen.com/fonts/e111viva/e111viva.eot]
[satumomen.com/fonts/e111viva/e111vivad41d.eot]
[satumomen.com/fonts/e111viva/e111viva.html]
[satumomen.com/fonts/e111viva/e111viva-2.html]
[satumomen.com/fonts/brittany_signature/BrittanySignature.svg]
[satumomen.com/fonts/heatwood/fonts/Heatwood.svg]
